  console.log
    Current message: YGOProMsgSelectIdleCmd
    ********* Field Snapshot *********
    LP: P0 8000 | P1 8000
    ********* Player 0 *********
       Hand: 
    ********* Player 1 *********
    ********* Finish *********

      at YGOProTest.state (../node_modules/ygopro-jstest/src/ygopro-test.ts:186:13)

  console.log
    Current message: YGOProMsgSelectCard
    ********* Field Snapshot *********
    LP: P0 8000 | P1 8000
    Chain: 1:@0/8/0
    ********* Player 0 *********
      Spell: #0 
    ********* Player 1 *********
    ********* Finish *********

      at YGOProTest.state (../node_modules/ygopro-jstest/src/ygopro-test.ts:186:13)

  console.log
    Current message: YGOProMsgSelectChain
    ********* Field Snapshot *********
    LP: P0 8000 | P1 8000
    Chain: 1:@0/8/0
    ********* Player 0 *********
      Spell: #0 
      Grave: 
    ********* Player 1 *********
    ********* Finish *********

      at YGOProTest.state (../node_modules/ygopro-jstest/src/ygopro-test.ts:186:13)

  console.log
    Current message: YGOProMsgSelectIdleCmd
    ********* Field Snapshot *********
    LP: P0 8000 | P1 8000
    ********* Player 0 *********
       Hand: 
    ********* Player 1 *********
    ********* Finish *********

      at YGOProTest.state (../node_modules/ygopro-jstest/src/ygopro-test.ts:186:13)

  console.log
    Current message: YGOProMsgSelectCard
    ********* Field Snapshot *********
    LP: P0 8000 | P1 8000
    Chain: 1:@0/8/0
    ********* Player 0 *********
      Spell: #0 
    ********* Player 1 *********
    ********* Finish *********

      at YGOProTest.state (../node_modules/ygopro-jstest/src/ygopro-test.ts:186:13)

  console.log
    Current message: YGOProMsgSelectChain
    ********* Field Snapshot *********
    LP: P0 8000 | P1 8000
    Chain: 1:@0/8/0
    ********* Player 0 *********
      Spell: #0 
      Grave: 
    ********* Player 1 *********
    ********* Finish *********

      at YGOProTest.state (../node_modules/ygopro-jstest/src/ygopro-test.ts:186:13)

  console.log
    Current message: YGOProMsgSelectIdleCmd
    ********* Field Snapshot *********
    LP: P0 8000 | P1 8000
    ********* Player 0 *********
       Hand: 
             
    ********* Player 1 *********
    ********* Finish *********

      at YGOProTest.state (../node_modules/ygopro-jstest/src/ygopro-test.ts:186:13)

  console.log
    Current message: YGOProMsgSelectCard
    ********* Field Snapshot *********
    LP: P0 8000 | P1 8000
    Chain: 1:@0/8/0
    ********* Player 0 *********
       Hand: 
      Spell: #0 
    ********* Player 1 *********
    ********* Finish *********

      at YGOProTest.state (../node_modules/ygopro-jstest/src/ygopro-test.ts:186:13)

  console.log
    Current message: YGOProMsgSelectChain
    ********* Field Snapshot *********
    LP: P0 8000 | P1 8000
    Chain: 1:@0/8/0
    ********* Player 0 *********
       Hand: 
      Spell: #0 
      Grave: 
    ********* Player 1 *********
    ********* Finish *********

      at YGOProTest.state (../node_modules/ygopro-jstest/src/ygopro-test.ts:186:13)

node.exe : FAIL tests/workspace/sd/c11600022.spec.ts
所在位置 行:1 字符: 1
+ & "C:\Program Files\nodejs/node.exe" "C:\Program Files\nodejs/node_mo ...
+ ~~~~~~~~~~~~~~~~~~~~~~~~~~~~~~~~~~~~~~~~~~~~~~~~~~~~~~~~~~~~~~~~~~~~~
    + CategoryInfo          : NotSpecified: (FAIL tests/work...1600022.spec.ts 
   :String) [], RemoteException
    + FullyQualifiedErrorId : NativeCommandError
 
  鈼?c11600022 鐧藉灘涔嬫湳 鈥?e2e: 鈶?send Extra Deck G.S, search 钂欏痉 with same attribu
te

    Expected message of type [YGOProMsgSelectCard], but got [YGOProMsgSelectCha
in].

    [0m [90m 184 |[39m             [36mreturn[39m extraCard[33m.[39msele
ct()[33m;[39m
     [90m 185 |[39m           })
    [31m[1m>[22m[39m[90m 186 |[39m           [33m.[39mstate([33mYGOPro
MsgSelectCard[39m[33m,[39m (msg[33m:[39m [33mYGOProMsgSelectCard[39m) [
33m=>[39m {
     [90m     |[39m            [31m[1m^[22m[39m
     [90m 187 |[39m             expect(msg[33m.[39mcards)[33m.[39mtoHaveL
ength([35m1[39m)[33m;[39m
     [90m 188 |[39m             expect(msg[33m.[39mcards[[35m0[39m][33m.
[39mcode)[33m.[39mtoBe([33mDECK_MD[39m)[33m;[39m
     [90m 189 |[39m             [36mconst[39m deckCard [33m=[39m ctx[33m
.[39mgetFieldCard([0m

      at YGOProTest.state (../node_modules/ygopro-jstest/src/ygopro-test.ts:207
:13)
      at workspace/sd/c11600022.spec.ts:186:12
      at useYGOProTest (../node_modules/ygopro-jstest/src/create-ygopro-test.ts
:75:11)
      at Object.<anonymous> (workspace/sd/c11600022.spec.ts:131:5)

  鈼?c11600022 鐧藉灘涔嬫湳 鈥?e2e: 鈶?End Phase recovery when G.S Fusion was sent to GY

    Expected message of type [YGOProMsgSelectCard], but got [YGOProMsgSelectCha
in].

    [0m [90m 267 |[39m             [36mreturn[39m extraCard[33m.[39msele
ct()[33m;[39m
     [90m 268 |[39m           })
    [31m[1m>[22m[39m[90m 269 |[39m           [33m.[39mstate([33mYGOPro
MsgSelectCard[39m[33m,[39m () [33m=>[39m {
     [90m     |[39m            [31m[1m^[22m[39m
     [90m 270 |[39m             [36mconst[39m deckCard [33m=[39m ctx[33m
.[39mgetFieldCard(
     [90m 271 |[39m               [35m0[39m[33m,[39m
     [90m 272 |[39m               [33mOcgcoreScriptConstants[39m[33m.[39m
[33mLOCATION_DECK[39m[33m,[39m[0m

      at YGOProTest.state (../node_modules/ygopro-jstest/src/ygopro-test.ts:207
:13)
      at workspace/sd/c11600022.spec.ts:269:12
      at useYGOProTest (../node_modules/ygopro-jstest/src/create-ygopro-test.ts
:75:11)
      at Object.<anonymous> (workspace/sd/c11600022.spec.ts:217:5)

  鈼?c11600022 鐧藉灘涔嬫湳 鈥?e2e: 鈶?cannot activate twice in same turn

    Expected message of type [YGOProMsgSelectCard], but got [YGOProMsgSelectCha
in].

    [0m [90m 349 |[39m             [36mreturn[39m extraCard[33m.[39msele
ct()[33m;[39m
     [90m 350 |[39m           })
    [31m[1m>[22m[39m[90m 351 |[39m           [33m.[39mstate([33mYGOPro
MsgSelectCard[39m[33m,[39m () [33m=>[39m {
     [90m     |[39m            [31m[1m^[22m[39m
     [90m 352 |[39m             [36mconst[39m deckCard [33m=[39m ctx[33m
.[39mgetFieldCard(
     [90m 353 |[39m               [35m0[39m[33m,[39m
     [90m 354 |[39m               [33mOcgcoreScriptConstants[39m[33m.[39m
[33mLOCATION_DECK[39m[33m,[39m[0m

      at YGOProTest.state (../node_modules/ygopro-jstest/src/ygopro-test.ts:207
:13)
      at workspace/sd/c11600022.spec.ts:351:12
      at useYGOProTest (../node_modules/ygopro-jstest/src/create-ygopro-test.ts
:75:11)
      at Object.<anonymous> (workspace/sd/c11600022.spec.ts:297:5)

Test Suites: 1 failed, 1 total
Tests:       3 failed, 3 passed, 6 total
Snapshots:   0 total
Time:        4.784 s
Ran all test suites matching c11600022.
